Archive member included to satisfy reference by file (symbol)

../libs/libopencm3/lib/libopencm3_stm32f1.a(gpio.o)
                              main.o (gpio_set_mode)
../libs/libopencm3/lib/libopencm3_stm32f1.a(gpio_common_all.o)
                              main.o (gpio_clear)
../libs/libopencm3/lib/libopencm3_stm32f1.a(rcc_common_all.o)
                              main.o (rcc_periph_clock_enable)
../libs/libopencm3/lib/libopencm3_stm32f1.a(vector.o)
                              (reset_handler)

Discarded input sections

 .text          0x00000000        0x0 main.o
 .data          0x00000000        0x0 main.o
 .bss           0x00000000        0x0 main.o
 .text.delay    0x00000000        0xe main.o
 .group         0x00000000        0xc ../libs/libopencm3/lib/libopencm3_stm32f1.a(gpio.o)
 .group         0x00000000        0xc ../libs/libopencm3/lib/libopencm3_stm32f1.a(gpio.o)
 .group         0x00000000        0xc ../libs/libopencm3/lib/libopencm3_stm32f1.a(gpio.o)
 .group         0x00000000        0xc ../libs/libopencm3/lib/libopencm3_stm32f1.a(gpio.o)
 .group         0x00000000        0xc ../libs/libopencm3/lib/libopencm3_stm32f1.a(gpio.o)
 .group         0x00000000        0xc ../libs/libopencm3/lib/libopencm3_stm32f1.a(gpio.o)
 .group         0x00000000        0xc ../libs/libopencm3/lib/libopencm3_stm32f1.a(gpio.o)
 .group         0x00000000        0xc ../libs/libopencm3/lib/libopencm3_stm32f1.a(gpio.o)
 .group         0x00000000        0xc ../libs/libopencm3/lib/libopencm3_stm32f1.a(gpio.o)
 .group         0x00000000        0xc ../libs/libopencm3/lib/libopencm3_stm32f1.a(gpio.o)
 .group         0x00000000        0xc ../libs/libopencm3/lib/libopencm3_stm32f1.a(gpio.o)
 .group         0x00000000        0xc ../libs/libopencm3/lib/libopencm3_stm32f1.a(gpio.o)
 .group         0x00000000        0xc ../libs/libopencm3/lib/libopencm3_stm32f1.a(gpio.o)
 .group         0x00000000        0xc ../libs/libopencm3/lib/libopencm3_stm32f1.a(gpio.o)
 .text          0x00000000        0x0 ../libs/libopencm3/lib/libopencm3_stm32f1.a(gpio.o)
 .data          0x00000000        0x0 ../libs/libopencm3/lib/libopencm3_stm32f1.a(gpio.o)
 .bss           0x00000000        0x0 ../libs/libopencm3/lib/libopencm3_stm32f1.a(gpio.o)
 .text.gpio_set_eventout
                0x00000000       0x10 ../libs/libopencm3/lib/libopencm3_stm32f1.a(gpio.o)
 .text.gpio_primary_remap
                0x00000000       0x14 ../libs/libopencm3/lib/libopencm3_stm32f1.a(gpio.o)
 .text.gpio_secondary_remap
                0x00000000       0x10 ../libs/libopencm3/lib/libopencm3_stm32f1.a(gpio.o)
 .group         0x00000000        0xc ../libs/libopencm3/lib/libopencm3_stm32f1.a(gpio_common_all.o)
 .group         0x00000000        0xc ../libs/libopencm3/lib/libopencm3_stm32f1.a(gpio_common_all.o)
 .group         0x00000000        0xc ../libs/libopencm3/lib/libopencm3_stm32f1.a(gpio_common_all.o)
 .group         0x00000000        0xc ../libs/libopencm3/lib/libopencm3_stm32f1.a(gpio_common_all.o)
 .group         0x00000000        0xc ../libs/libopencm3/lib/libopencm3_stm32f1.a(gpio_common_all.o)
 .group         0x00000000        0xc ../libs/libopencm3/lib/libopencm3_stm32f1.a(gpio_common_all.o)
 .group         0x00000000        0xc ../libs/libopencm3/lib/libopencm3_stm32f1.a(gpio_common_all.o)
 .group         0x00000000        0xc ../libs/libopencm3/lib/libopencm3_stm32f1.a(gpio_common_all.o)
 .group         0x00000000        0xc ../libs/libopencm3/lib/libopencm3_stm32f1.a(gpio_common_all.o)
 .group         0x00000000        0xc ../libs/libopencm3/lib/libopencm3_stm32f1.a(gpio_common_all.o)
 .group         0x00000000        0xc ../libs/libopencm3/lib/libopencm3_stm32f1.a(gpio_common_all.o)
 .group         0x00000000        0xc ../libs/libopencm3/lib/libopencm3_stm32f1.a(gpio_common_all.o)
 .group         0x00000000        0xc ../libs/libopencm3/lib/libopencm3_stm32f1.a(gpio_common_all.o)
 .group         0x00000000        0xc ../libs/libopencm3/lib/libopencm3_stm32f1.a(gpio_common_all.o)
 .text          0x00000000        0x0 ../libs/libopencm3/lib/libopencm3_stm32f1.a(gpio_common_all.o)
 .data          0x00000000        0x0 ../libs/libopencm3/lib/libopencm3_stm32f1.a(gpio_common_all.o)
 .bss           0x00000000        0x0 ../libs/libopencm3/lib/libopencm3_stm32f1.a(gpio_common_all.o)
 .text.gpio_set
                0x00000000        0x4 ../libs/libopencm3/lib/libopencm3_stm32f1.a(gpio_common_all.o)
 .text.gpio_get
                0x00000000        0x6 ../libs/libopencm3/lib/libopencm3_stm32f1.a(gpio_common_all.o)
 .text.gpio_toggle
                0x00000000       0x12 ../libs/libopencm3/lib/libopencm3_stm32f1.a(gpio_common_all.o)
 .text.gpio_port_read
                0x00000000        0x6 ../libs/libopencm3/lib/libopencm3_stm32f1.a(gpio_common_all.o)
 .text.gpio_port_write
                0x00000000        0x4 ../libs/libopencm3/lib/libopencm3_stm32f1.a(gpio_common_all.o)
 .text.gpio_port_config_lock
                0x00000000       0x10 ../libs/libopencm3/lib/libopencm3_stm32f1.a(gpio_common_all.o)
 .debug_macro   0x00000000      0xac0 ../libs/libopencm3/lib/libopencm3_stm32f1.a(gpio_common_all.o)
 .debug_macro   0x00000000       0x1c ../libs/libopencm3/lib/libopencm3_stm32f1.a(gpio_common_all.o)
 .debug_macro   0x00000000       0x22 ../libs/libopencm3/lib/libopencm3_stm32f1.a(gpio_common_all.o)
 .debug_macro   0x00000000       0x56 ../libs/libopencm3/lib/libopencm3_stm32f1.a(gpio_common_all.o)
 .debug_macro   0x00000000       0x51 ../libs/libopencm3/lib/libopencm3_stm32f1.a(gpio_common_all.o)
 .debug_macro   0x00000000      0x103 ../libs/libopencm3/lib/libopencm3_stm32f1.a(gpio_common_all.o)
 .debug_macro   0x00000000       0x6a ../libs/libopencm3/lib/libopencm3_stm32f1.a(gpio_common_all.o)
 .debug_macro   0x00000000      0x1df ../libs/libopencm3/lib/libopencm3_stm32f1.a(gpio_common_all.o)
 .debug_macro   0x00000000       0x22 ../libs/libopencm3/lib/libopencm3_stm32f1.a(gpio_common_all.o)
 .debug_macro   0x00000000       0xe8 ../libs/libopencm3/lib/libopencm3_stm32f1.a(gpio_common_all.o)
 .debug_macro   0x00000000       0x76 ../libs/libopencm3/lib/libopencm3_stm32f1.a(gpio_common_all.o)
 .debug_macro   0x00000000      0x1b4 ../libs/libopencm3/lib/libopencm3_stm32f1.a(gpio_common_all.o)
 .debug_macro   0x00000000       0x76 ../libs/libopencm3/lib/libopencm3_stm32f1.a(gpio_common_all.o)
 .debug_macro   0x00000000      0xe2e ../libs/libopencm3/lib/libopencm3_stm32f1.a(gpio_common_all.o)
 .group         0x00000000        0xc ../libs/libopencm3/lib/libopencm3_stm32f1.a(rcc_common_all.o)
 .group         0x00000000        0xc ../libs/libopencm3/lib/libopencm3_stm32f1.a(rcc_common_all.o)
 .group         0x00000000        0xc ../libs/libopencm3/lib/libopencm3_stm32f1.a(rcc_common_all.o)
 .group         0x00000000        0xc ../libs/libopencm3/lib/libopencm3_stm32f1.a(rcc_common_all.o)
 .group         0x00000000        0xc ../libs/libopencm3/lib/libopencm3_stm32f1.a(rcc_common_all.o)
 .group         0x00000000        0xc ../libs/libopencm3/lib/libopencm3_stm32f1.a(rcc_common_all.o)
 .group         0x00000000        0xc ../libs/libopencm3/lib/libopencm3_stm32f1.a(rcc_common_all.o)
 .group         0x00000000        0xc ../libs/libopencm3/lib/libopencm3_stm32f1.a(rcc_common_all.o)
 .group         0x00000000        0xc ../libs/libopencm3/lib/libopencm3_stm32f1.a(rcc_common_all.o)
 .group         0x00000000        0xc ../libs/libopencm3/lib/libopencm3_stm32f1.a(rcc_common_all.o)
 .group         0x00000000        0xc ../libs/libopencm3/lib/libopencm3_stm32f1.a(rcc_common_all.o)
 .group         0x00000000        0xc ../libs/libopencm3/lib/libopencm3_stm32f1.a(rcc_common_all.o)
 .group         0x00000000        0xc ../libs/libopencm3/lib/libopencm3_stm32f1.a(rcc_common_all.o)
 .text          0x00000000        0x0 ../libs/libopencm3/lib/libopencm3_stm32f1.a(rcc_common_all.o)
 .data          0x00000000        0x0 ../libs/libopencm3/lib/libopencm3_stm32f1.a(rcc_common_all.o)
 .bss           0x00000000        0x0 ../libs/libopencm3/lib/libopencm3_stm32f1.a(rcc_common_all.o)
 .text.rcc_peripheral_enable_clock
                0x00000000        0x8 ../libs/libopencm3/lib/libopencm3_stm32f1.a(rcc_common_all.o)
 .text.rcc_peripheral_disable_clock
                0x00000000        0xa ../libs/libopencm3/lib/libopencm3_stm32f1.a(rcc_common_all.o)
 .text.rcc_peripheral_reset
                0x00000000        0x8 ../libs/libopencm3/lib/libopencm3_stm32f1.a(rcc_common_all.o)
 .text.rcc_peripheral_clear_reset
                0x00000000        0xa ../libs/libopencm3/lib/libopencm3_stm32f1.a(rcc_common_all.o)
 .text.rcc_periph_clock_disable
                0x00000000       0x1c ../libs/libopencm3/lib/libopencm3_stm32f1.a(rcc_common_all.o)
 .text.rcc_periph_reset_pulse
                0x00000000       0x22 ../libs/libopencm3/lib/libopencm3_stm32f1.a(rcc_common_all.o)
 .text.rcc_periph_reset_hold
                0x00000000        0x4 ../libs/libopencm3/lib/libopencm3_stm32f1.a(rcc_common_all.o)
 .text.rcc_periph_reset_release
                0x00000000        0x4 ../libs/libopencm3/lib/libopencm3_stm32f1.a(rcc_common_all.o)
 .text.rcc_set_mco
                0x00000000       0x14 ../libs/libopencm3/lib/libopencm3_stm32f1.a(rcc_common_all.o)
 .text.rcc_osc_bypass_enable
                0x00000000       0x28 ../libs/libopencm3/lib/libopencm3_stm32f1.a(rcc_common_all.o)
 .text.rcc_osc_bypass_disable
                0x00000000       0x28 ../libs/libopencm3/lib/libopencm3_stm32f1.a(rcc_common_all.o)
 .text.rcc_get_div_from_hpre
                0x00000000       0x18 ../libs/libopencm3/lib/libopencm3_stm32f1.a(rcc_common_all.o)
 .debug_macro   0x00000000      0xac0 ../libs/libopencm3/lib/libopencm3_stm32f1.a(rcc_common_all.o)
 .debug_macro   0x00000000       0x1c ../libs/libopencm3/lib/libopencm3_stm32f1.a(rcc_common_all.o)
 .debug_macro   0x00000000       0x22 ../libs/libopencm3/lib/libopencm3_stm32f1.a(rcc_common_all.o)
 .debug_macro   0x00000000       0x56 ../libs/libopencm3/lib/libopencm3_stm32f1.a(rcc_common_all.o)
 .debug_macro   0x00000000       0x51 ../libs/libopencm3/lib/libopencm3_stm32f1.a(rcc_common_all.o)
 .debug_macro   0x00000000      0x103 ../libs/libopencm3/lib/libopencm3_stm32f1.a(rcc_common_all.o)
 .debug_macro   0x00000000       0x6a ../libs/libopencm3/lib/libopencm3_stm32f1.a(rcc_common_all.o)
 .debug_macro   0x00000000      0x1df ../libs/libopencm3/lib/libopencm3_stm32f1.a(rcc_common_all.o)
 .debug_macro   0x00000000       0x22 ../libs/libopencm3/lib/libopencm3_stm32f1.a(rcc_common_all.o)
 .debug_macro   0x00000000       0xe8 ../libs/libopencm3/lib/libopencm3_stm32f1.a(rcc_common_all.o)
 .debug_macro   0x00000000       0x76 ../libs/libopencm3/lib/libopencm3_stm32f1.a(rcc_common_all.o)
 .debug_macro   0x00000000      0x1b4 ../libs/libopencm3/lib/libopencm3_stm32f1.a(rcc_common_all.o)
 .group         0x00000000        0xc ../libs/libopencm3/lib/libopencm3_stm32f1.a(vector.o)
 .group         0x00000000        0xc ../libs/libopencm3/lib/libopencm3_stm32f1.a(vector.o)
 .group         0x00000000        0xc ../libs/libopencm3/lib/libopencm3_stm32f1.a(vector.o)
 .group         0x00000000        0xc ../libs/libopencm3/lib/libopencm3_stm32f1.a(vector.o)
 .group         0x00000000        0xc ../libs/libopencm3/lib/libopencm3_stm32f1.a(vector.o)
 .group         0x00000000        0xc ../libs/libopencm3/lib/libopencm3_stm32f1.a(vector.o)
 .group         0x00000000        0xc ../libs/libopencm3/lib/libopencm3_stm32f1.a(vector.o)
 .group         0x00000000        0xc ../libs/libopencm3/lib/libopencm3_stm32f1.a(vector.o)
 .group         0x00000000        0xc ../libs/libopencm3/lib/libopencm3_stm32f1.a(vector.o)
 .group         0x00000000        0xc ../libs/libopencm3/lib/libopencm3_stm32f1.a(vector.o)
 .group         0x00000000        0xc ../libs/libopencm3/lib/libopencm3_stm32f1.a(vector.o)
 .group         0x00000000        0xc ../libs/libopencm3/lib/libopencm3_stm32f1.a(vector.o)
 .group         0x00000000        0xc ../libs/libopencm3/lib/libopencm3_stm32f1.a(vector.o)
 .group         0x00000000        0xc ../libs/libopencm3/lib/libopencm3_stm32f1.a(vector.o)
 .text          0x00000000        0x0 ../libs/libopencm3/lib/libopencm3_stm32f1.a(vector.o)
 .data          0x00000000        0x0 ../libs/libopencm3/lib/libopencm3_stm32f1.a(vector.o)
 .bss           0x00000000        0x0 ../libs/libopencm3/lib/libopencm3_stm32f1.a(vector.o)
 .debug_macro   0x00000000      0xac0 ../libs/libopencm3/lib/libopencm3_stm32f1.a(vector.o)
 .debug_macro   0x00000000       0x76 ../libs/libopencm3/lib/libopencm3_stm32f1.a(vector.o)
 .debug_macro   0x00000000       0x1c ../libs/libopencm3/lib/libopencm3_stm32f1.a(vector.o)
 .debug_macro   0x00000000       0x22 ../libs/libopencm3/lib/libopencm3_stm32f1.a(vector.o)
 .debug_macro   0x00000000       0x56 ../libs/libopencm3/lib/libopencm3_stm32f1.a(vector.o)
 .debug_macro   0x00000000       0x51 ../libs/libopencm3/lib/libopencm3_stm32f1.a(vector.o)
 .debug_macro   0x00000000      0x103 ../libs/libopencm3/lib/libopencm3_stm32f1.a(vector.o)
 .debug_macro   0x00000000       0x6a ../libs/libopencm3/lib/libopencm3_stm32f1.a(vector.o)
 .debug_macro   0x00000000      0x1df ../libs/libopencm3/lib/libopencm3_stm32f1.a(vector.o)
 .debug_macro   0x00000000       0x22 ../libs/libopencm3/lib/libopencm3_stm32f1.a(vector.o)
 .debug_macro   0x00000000       0xe8 ../libs/libopencm3/lib/libopencm3_stm32f1.a(vector.o)

Memory Configuration

Name             Origin             Length             Attributes
rom              0x00000000         0xffffffff
ram              0x00000000         0xffffffff
*default*        0x00000000         0xffffffff

Linker script and memory map

LOAD main.o
LOAD ../libs/libopencm3/lib/libopencm3_stm32f1.a
START GROUP
LOAD /usr/lib/gcc/arm-none-eabi/14.2.0/thumb/v7-m/nofp/libgcc.a
LOAD /usr/lib/gcc/arm-none-eabi/14.2.0/../../../../arm-none-eabi/lib/thumb/v7-m/nofp/libc.a
END GROUP

.text           0x00000000      0x29c
 *(.vectors)
 .vectors       0x00000000      0x150 ../libs/libopencm3/lib/libopencm3_stm32f1.a(vector.o)
                0x00000000                vector_table
 *(.text*)
 .text.startup.main
                0x00000150       0x28 main.o
                0x00000150                main
 .text.gpio_set_mode
                0x00000178       0x6a ../libs/libopencm3/lib/libopencm3_stm32f1.a(gpio.o)
                0x00000178                gpio_set_mode
 .text.gpio_clear
                0x000001e2        0x6 ../libs/libopencm3/lib/libopencm3_stm32f1.a(gpio_common_all.o)
                0x000001e2                gpio_clear
 .text.rcc_periph_clock_enable
                0x000001e8       0x1a ../libs/libopencm3/lib/libopencm3_stm32f1.a(rcc_common_all.o)
                0x000001e8                rcc_periph_clock_enable
 .text.blocking_handler
                0x00000202        0x2 ../libs/libopencm3/lib/libopencm3_stm32f1.a(vector.o)
                0x00000202                usart3_isr
                0x00000202                rtc_isr
                0x00000202                tim7_isr
                0x00000202                adc1_2_isr
                0x00000202                tim1_trg_com_isr
                0x00000202                usb_hp_can_tx_isr
                0x00000202                tim6_isr
                0x00000202                usb_wakeup_isr
                0x00000202                blocking_handler
                0x00000202                tim5_isr
                0x00000202                otg_fs_isr
                0x00000202                spi1_isr
                0x00000202                exti2_isr
                0x00000202                dma1_channel6_isr
                0x00000202                can_rx1_isr
                0x00000202                dma1_channel5_isr
                0x00000202                dma2_channel5_isr
                0x00000202                usart1_isr
                0x00000202                usage_fault_handler
                0x00000202                tim8_trg_com_isr
                0x00000202                can2_rx0_isr
                0x00000202                tim1_brk_isr
                0x00000202                can2_rx1_isr
                0x00000202                tim1_cc_isr
                0x00000202                sdio_isr
                0x00000202                eth_isr
                0x00000202                dma1_channel4_isr
                0x00000202                tim8_brk_isr
                0x00000202                dma2_channel4_5_isr
                0x00000202                pvd_isr
                0x00000202                rcc_isr
                0x00000202                flash_isr
                0x00000202                uart4_isr
                0x00000202                rtc_alarm_isr
                0x00000202                exti15_10_isr
                0x00000202                hard_fault_handler
                0x00000202                exti1_isr
                0x00000202                i2c1_ev_isr
                0x00000202                dma2_channel1_isr
                0x00000202                spi2_isr
                0x00000202                tim8_up_isr
                0x00000202                dma2_channel2_isr
                0x00000202                exti3_isr
                0x00000202                adc3_isr
                0x00000202                tim3_isr
                0x00000202                usart2_isr
                0x00000202                usb_lp_can_rx0_isr
                0x00000202                i2c2_er_isr
                0x00000202                i2c2_ev_isr
                0x00000202                uart5_isr
                0x00000202                fsmc_isr
                0x00000202                dma1_channel1_isr
                0x00000202                exti4_isr
                0x00000202                mem_manage_handler
                0x00000202                can2_tx_isr
                0x00000202                exti9_5_isr
                0x00000202                dma2_channel3_isr
                0x00000202                dma1_channel7_isr
                0x00000202                tim1_up_isr
                0x00000202                can2_sce_isr
                0x00000202                tim4_isr
                0x00000202                dma1_channel2_isr
                0x00000202                i2c1_er_isr
                0x00000202                can_sce_isr
                0x00000202                tim8_cc_isr
                0x00000202                tamper_isr
                0x00000202                eth_wkup_isr
                0x00000202                bus_fault_handler
                0x00000202                wwdg_isr
                0x00000202                dma1_channel3_isr
                0x00000202                spi3_isr
                0x00000202                tim2_isr
                0x00000202                exti0_isr
 .text.null_handler
                0x00000204        0x2 ../libs/libopencm3/lib/libopencm3_stm32f1.a(vector.o)
                0x00000204                null_handler
                0x00000204                sv_call_handler
                0x00000204                pend_sv_handler
                0x00000204                debug_monitor_handler
                0x00000204                sys_tick_handler
                0x00000204                nmi_handler
 *fill*         0x00000206        0x2 
 .text.reset_handler
                0x00000208       0x94 ../libs/libopencm3/lib/libopencm3_stm32f1.a(vector.o)
                0x00000208                reset_handler
                0x0000029c                        . = ALIGN (0x4)
 *(.rodata*)
                0x0000029c                        . = ALIGN (0x4)

.glue_7         0x0000029c        0x0
 .glue_7        0x0000029c        0x0 linker stubs

.glue_7t        0x0000029c        0x0
 .glue_7t       0x0000029c        0x0 linker stubs

.vfp11_veneer   0x0000029c        0x0
 .vfp11_veneer  0x0000029c        0x0 linker stubs

.v4_bx          0x0000029c        0x0
 .v4_bx         0x0000029c        0x0 linker stubs

.iplt           0x0000029c        0x0
 .iplt          0x0000029c        0x0 main.o

.rel.dyn        0x0000029c        0x0
 .rel.iplt      0x0000029c        0x0 main.o

.preinit_array  0x0000029c        0x0
                0x0000029c                        . = ALIGN (0x4)
                0x0000029c                        __preinit_array_start = .
 *(.preinit_array)
                0x0000029c                        __preinit_array_end = .

.init_array     0x0000029c        0x0
                0x0000029c                        . = ALIGN (0x4)
                0x0000029c                        __init_array_start = .
 *(SORT_BY_NAME(.init_array.*))
 *(.init_array)
                0x0000029c                        __init_array_end = .

.fini_array     0x0000029c        0x0
                0x0000029c                        . = ALIGN (0x4)
                0x0000029c                        __fini_array_start = .
 *(.fini_array)
 *(SORT_BY_NAME(.fini_array.*))
                0x0000029c                        __fini_array_end = .

.ARM.extab
 *(.ARM.extab*)

.ARM.exidx      0x0000029c        0x0
                0x0000029c                        __exidx_start = .
 *(.ARM.exidx*)
                0x0000029c                        __exidx_end = .
                0x0000029c                        . = ALIGN (0x4)
                0x0000029c                        _etext = .

.noinit
 *(.noinit*)
                0x0000029c                        . = ALIGN (0x4)

.data           0x00000000        0x0 load address 0x0000029c
                0x00000000                        _data = .
 *(.data*)
 *(.ramtext*)
                0x00000000                        . = ALIGN (0x4)
                0x00000000                        _edata = .
                0x0000029c                        _data_loadaddr = LOADADDR (.data)

.igot.plt       0x00000000        0x0 load address 0x0000029c
 .igot.plt      0x00000000        0x0 main.o

.bss            0x00000000        0x0 load address 0x0000029c
 *(.bss*)
 *(COMMON)
                0x00000000                        . = ALIGN (0x4)
                0x00000000                        _ebss = .

/DISCARD/
 *(.eh_frame)
                0x00000000                        . = ALIGN (0x4)
                0x00000000                        end = .
                0xffffffff                        PROVIDE (_stack = (ORIGIN (ram) + LENGTH (ram)))
OUTPUT(blinker.elf elf32-littlearm)
LOAD linker stubs

.debug_info     0x00000000     0x1095
 .debug_info    0x00000000      0x371 main.o
 .debug_info    0x00000371      0x1fd ../libs/libopencm3/lib/libopencm3_stm32f1.a(gpio.o)
 .debug_info    0x0000056e      0x256 ../libs/libopencm3/lib/libopencm3_stm32f1.a(gpio_common_all.o)
 .debug_info    0x000007c4      0x60d ../libs/libopencm3/lib/libopencm3_stm32f1.a(rcc_common_all.o)
 .debug_info    0x00000dd1      0x2c4 ../libs/libopencm3/lib/libopencm3_stm32f1.a(vector.o)

.debug_abbrev   0x00000000      0x5e7
 .debug_abbrev  0x00000000      0x131 main.o
 .debug_abbrev  0x00000131       0xd3 ../libs/libopencm3/lib/libopencm3_stm32f1.a(gpio.o)
 .debug_abbrev  0x00000204      0x115 ../libs/libopencm3/lib/libopencm3_stm32f1.a(gpio_common_all.o)
 .debug_abbrev  0x00000319      0x185 ../libs/libopencm3/lib/libopencm3_stm32f1.a(rcc_common_all.o)
 .debug_abbrev  0x0000049e      0x149 ../libs/libopencm3/lib/libopencm3_stm32f1.a(vector.o)

.debug_loclists
                0x00000000      0x2ef
 .debug_loclists
                0x00000000       0x2a main.o
 .debug_loclists
                0x0000002a      0x100 ../libs/libopencm3/lib/libopencm3_stm32f1.a(gpio.o)
 .debug_loclists
                0x0000012a       0x96 ../libs/libopencm3/lib/libopencm3_stm32f1.a(gpio_common_all.o)
 .debug_loclists
                0x000001c0       0x87 ../libs/libopencm3/lib/libopencm3_stm32f1.a(rcc_common_all.o)
 .debug_loclists
                0x00000247       0xa8 ../libs/libopencm3/lib/libopencm3_stm32f1.a(vector.o)

.debug_aranges  0x00000000      0x160
 .debug_aranges
                0x00000000       0x28 main.o
 .debug_aranges
                0x00000028       0x38 ../libs/libopencm3/lib/libopencm3_stm32f1.a(gpio.o)
 .debug_aranges
                0x00000060       0x50 ../libs/libopencm3/lib/libopencm3_stm32f1.a(gpio_common_all.o)
 .debug_aranges
                0x000000b0       0x80 ../libs/libopencm3/lib/libopencm3_stm32f1.a(rcc_common_all.o)
 .debug_aranges
                0x00000130       0x30 ../libs/libopencm3/lib/libopencm3_stm32f1.a(vector.o)

.debug_rnglists
                0x00000000      0x108
 .debug_rnglists
                0x00000000       0x31 main.o
 .debug_rnglists
                0x00000031       0x25 ../libs/libopencm3/lib/libopencm3_stm32f1.a(gpio.o)
 .debug_rnglists
                0x00000056       0x37 ../libs/libopencm3/lib/libopencm3_stm32f1.a(gpio_common_all.o)
 .debug_rnglists
                0x0000008d       0x5b ../libs/libopencm3/lib/libopencm3_stm32f1.a(rcc_common_all.o)
 .debug_rnglists
                0x000000e8       0x20 ../libs/libopencm3/lib/libopencm3_stm32f1.a(vector.o)

.debug_line     0x00000000      0xf73
 .debug_line    0x00000000      0x196 main.o
 .debug_line    0x00000196      0x37c ../libs/libopencm3/lib/libopencm3_stm32f1.a(gpio.o)
 .debug_line    0x00000512      0x335 ../libs/libopencm3/lib/libopencm3_stm32f1.a(gpio_common_all.o)
 .debug_line    0x00000847      0x3dc ../libs/libopencm3/lib/libopencm3_stm32f1.a(rcc_common_all.o)
 .debug_line    0x00000c23      0x350 ../libs/libopencm3/lib/libopencm3_stm32f1.a(vector.o)

.debug_str      0x00000000     0xd7a5
 .debug_str     0x00000000     0xd7a5 main.o
                                0x3ec (size before relaxing)
 .debug_str     0x0000d7a5     0x8734 ../libs/libopencm3/lib/libopencm3_stm32f1.a(gpio.o)
 .debug_str     0x0000d7a5     0x8728 ../libs/libopencm3/lib/libopencm3_stm32f1.a(gpio_common_all.o)
 .debug_str     0x0000d7a5     0x7a97 ../libs/libopencm3/lib/libopencm3_stm32f1.a(rcc_common_all.o)
 .debug_str     0x0000d7a5     0x676e ../libs/libopencm3/lib/libopencm3_stm32f1.a(vector.o)

.comment        0x00000000       0x1e
 .comment       0x00000000       0x1e main.o
                                 0x1f (size before relaxing)
 .comment       0x0000001e       0x1f ../libs/libopencm3/lib/libopencm3_stm32f1.a(gpio.o)
 .comment       0x0000001e       0x1f ../libs/libopencm3/lib/libopencm3_stm32f1.a(gpio_common_all.o)
 .comment       0x0000001e       0x1f ../libs/libopencm3/lib/libopencm3_stm32f1.a(rcc_common_all.o)
 .comment       0x0000001e       0x1f ../libs/libopencm3/lib/libopencm3_stm32f1.a(vector.o)

.ARM.attributes
                0x00000000       0x2d
 .ARM.attributes
                0x00000000       0x2d main.o
 .ARM.attributes
                0x0000002d       0x2d ../libs/libopencm3/lib/libopencm3_stm32f1.a(gpio.o)
 .ARM.attributes
                0x0000005a       0x2d ../libs/libopencm3/lib/libopencm3_stm32f1.a(gpio_common_all.o)
 .ARM.attributes
                0x00000087       0x2d ../libs/libopencm3/lib/libopencm3_stm32f1.a(rcc_common_all.o)
 .ARM.attributes
                0x000000b4       0x2d ../libs/libopencm3/lib/libopencm3_stm32f1.a(vector.o)

.debug_frame    0x00000000      0x248
 .debug_frame   0x00000000       0x38 main.o
 .debug_frame   0x00000038       0x64 ../libs/libopencm3/lib/libopencm3_stm32f1.a(gpio.o)
 .debug_frame   0x0000009c       0x80 ../libs/libopencm3/lib/libopencm3_stm32f1.a(gpio_common_all.o)
 .debug_frame   0x0000011c       0xe0 ../libs/libopencm3/lib/libopencm3_stm32f1.a(rcc_common_all.o)
 .debug_frame   0x000001fc       0x4c ../libs/libopencm3/lib/libopencm3_stm32f1.a(vector.o)

.debug_macro    0x00000000     0x3241
 .debug_macro   0x00000000       0xb8 ../libs/libopencm3/lib/libopencm3_stm32f1.a(gpio.o)
 .debug_macro   0x000000b8      0xac0 ../libs/libopencm3/lib/libopencm3_stm32f1.a(gpio.o)
 .debug_macro   0x00000b78       0x1c ../libs/libopencm3/lib/libopencm3_stm32f1.a(gpio.o)
 .debug_macro   0x00000b94       0x22 ../libs/libopencm3/lib/libopencm3_stm32f1.a(gpio.o)
 .debug_macro   0x00000bb6       0x56 ../libs/libopencm3/lib/libopencm3_stm32f1.a(gpio.o)
 .debug_macro   0x00000c0c       0x51 ../libs/libopencm3/lib/libopencm3_stm32f1.a(gpio.o)
 .debug_macro   0x00000c5d      0x103 ../libs/libopencm3/lib/libopencm3_stm32f1.a(gpio.o)
 .debug_macro   0x00000d60       0x6a ../libs/libopencm3/lib/libopencm3_stm32f1.a(gpio.o)
 .debug_macro   0x00000dca      0x1df ../libs/libopencm3/lib/libopencm3_stm32f1.a(gpio.o)
 .debug_macro   0x00000fa9       0x22 ../libs/libopencm3/lib/libopencm3_stm32f1.a(gpio.o)
 .debug_macro   0x00000fcb       0xe8 ../libs/libopencm3/lib/libopencm3_stm32f1.a(gpio.o)
 .debug_macro   0x000010b3       0x76 ../libs/libopencm3/lib/libopencm3_stm32f1.a(gpio.o)
 .debug_macro   0x00001129      0x1b4 ../libs/libopencm3/lib/libopencm3_stm32f1.a(gpio.o)
 .debug_macro   0x000012dd       0x76 ../libs/libopencm3/lib/libopencm3_stm32f1.a(gpio.o)
 .debug_macro   0x00001353      0xe2e ../libs/libopencm3/lib/libopencm3_stm32f1.a(gpio.o)
 .debug_macro   0x00002181       0xb8 ../libs/libopencm3/lib/libopencm3_stm32f1.a(gpio_common_all.o)
 .debug_macro   0x00002239       0xce ../libs/libopencm3/lib/libopencm3_stm32f1.a(rcc_common_all.o)
 .debug_macro   0x00002307      0x8c6 ../libs/libopencm3/lib/libopencm3_stm32f1.a(rcc_common_all.o)
 .debug_macro   0x00002bcd       0xcf ../libs/libopencm3/lib/libopencm3_stm32f1.a(vector.o)
 .debug_macro   0x00002c9c      0x395 ../libs/libopencm3/lib/libopencm3_stm32f1.a(vector.o)
 .debug_macro   0x00003031       0x6e ../libs/libopencm3/lib/libopencm3_stm32f1.a(vector.o)
 .debug_macro   0x0000309f      0x1a2 ../libs/libopencm3/lib/libopencm3_stm32f1.a(vector.o)
